
> mega-hard@0.1.0 build
> next build

   Ôû▓ Next.js 16.0.0 (Turbopack)
   - Environments: .env

   Creating an optimized production build ...
 Ô£ô Compiled successfully in 13.6s
   Running TypeScript ...
node.exe : Failed to compile.
En línea: 1 Carácter: 1
+ & "C:\Program Files\nodejs/node.exe" "C:\Program Files\nodejs/node_mo ...
+ ~~~~~~~~~~~~~~~~~~~~~~~~~~~~~~~~~~~~~~~~~~~~~~~~~~~~~~~~~~~~~~~~~~~~~
    + CategoryInfo          : NotSpecified: (Failed to compile.:String) [], RemoteException
    + FullyQualifiedErrorId : NativeCommandError
 

.next/types/validator.ts:432:31
Type error: Type 'typeof import("C:/Devs/mega-hard/app/api/productos/[id]/kardex/route")' does not satisfy the constraint 
'RouteHandlerConfig<"/api/productos/[id]/kardex">'.
  Types of property 'GET' are incompatible.
    Type '(request: Request, { params }: { params: { id: string; }; }) => Promise<NextResponse<{ error: string; }> | 
NextResponse<{ success: boolean; producto: { id: string; codigo: string; nombre: string; categoria: string; stockActual: number; 
precioCompra: number; precioVenta: number; }; estadisticas: { ...; }; kardex: { ....' is not assignable to type '(request: 
NextRequest, context: { params: Promise<{ id: string; }>; }) => void | Response | Promise<void | Response>'.
      Types of parameters '__1' and 'context' are incompatible.
        Type '{ params: Promise<{ id: string; }>; }' is not assignable to type '{ params: { id: string; }; }'.
          Types of property 'params' are incompatible.
            Property 'id' is missing in type 'Promise<{ id: string; }>' but required in type '{ id: string; }'.

[0m [90m 430 |[39m   type __IsExpected[33m<[39m[33mSpecific[39m [36mextends[39m 
[33mRouteHandlerConfig[39m[33m<[39m[32m"/api/productos/[id]/kardex"[39m[33m>>[39m [33m=[39m [33mSpecific[39m
 [90m 431 |[39m   [36mconst[39m handler [33m=[39m {} [36mas[39m [36mtypeof[39m 
[36mimport[39m([32m"../../app/api/productos/[id]/kardex/route.js"[39m)
[31m[1m>[22m[39m[90m 432 |[39m   type __Check [33m=[39m __IsExpected[33m<[39m[36mtypeof[39m handler[33m>[39m
 [90m     |[39m                               [31m[1m^[22m[39m
 [90m 433 |[39m   [90m// @ts-ignore[39m
 [90m 434 |[39m   type __Unused [33m=[39m __Check
 [90m 435 |[39m }[0m
Next.js build worker exited with code: 1 and signal: null
